{
  "argumentDefinitions": [
    {
      "kind": "LocalArgument",
      "name": "localIsRelative",
      "type": "Boolean",
      "defaultValue": false
    },
    {
      "kind": "RootArgument",
      "name": "PictureSize",
      "type": "[Int]"
    },
    {
      "kind": "RootArgument",
      "name": "globalIsRelative",
      "type": "Boolean"
    }
  ],
  "kind": "Fragment",
  "metadata": null,
  "name": "UserUtil_user",
  "selections": [
    {
      "kind": "LinkedField",
      "alias": null,
      "args": [
        {
          "kind": "Variable",
          "name": "size",
          "variableName": "PictureSize",
          "type": "[Int]"
        }
      ],
      "concreteType": "Image",
      "name": "profilePicture",
      "plural": false,
      "selections": [
        {
          "kind": "ScalarField",
          "alias": null,
          "args": null,
          "name": "width",
          "storageKey": null
        },
        {
          "kind": "ScalarField",
          "alias": null,
          "args": null,
          "name": "height",
          "storageKey": null
        }
      ],
      "storageKey": null
    },
    {
      "kind": "ScalarField",
      "alias": null,
      "args": [
        {
          "kind": "Variable",
          "name": "relative",
          "variableName": "globalIsRelative",
          "type": "Boolean"
        }
      ],
      "name": "url",
      "storageKey": null
    },
    {
      "kind": "ScalarField",
      "alias": "anotherUrl",
      "args": [
        {
          "kind": "Variable",
          "name": "relative",
          "variableName": "localIsRelative",
          "type": "Boolean"
        }
      ],
      "name": "url",
      "storageKey": null
    }
  ],
  "type": "User"
}

{
  "argumentDefinitions": [
    {
      "kind": "RootArgument",
      "name": "globalIsRelative",
      "type": "Boolean"
    }
  ],
  "kind": "Fragment",
  "metadata": null,
  "name": "UserUtil2_user",
  "selections": [
    {
      "kind": "ScalarField",
      "alias": null,
      "args": [
        {
          "kind": "Variable",
          "name": "relative",
          "variableName": "globalIsRelative",
          "type": "Boolean"
        }
      ],
      "name": "url",
      "storageKey": null
    }
  ],
  "type": "User"
}
